// Jest Snapshot v1, https://goo.gl/fbAQLP

exports[`<CardList /> spec displays a card list with three cards 1`] = `undefined`;
