// Jest Snapshot v1, https://goo.gl/fbAQLP

exports[`<Hero /> spec renders the component 1`] = `undefined`;
